../Drivers/CMSIS/Include/core_cm4.h:1684:22:__NVIC_EnableIRQ	2
../Drivers/CMSIS/Include/core_cm4.h:1814:22:__NVIC_SetPriority	2
../Core/Src/main.c:151:13:RegisterPeripheralConfig	1
../Core/Src/main.c:264:13:ADC_SelectChannel	2
../Core/Src/main.c:279:17:ADC_ReadRaw	2
../Core/Src/main.c:293:14:ReadTemperature	1
../Core/Src/main.c:306:13:TIM2_SetARR	1
../Core/Src/main.c:315:17:TemperatureToARR	5
../Core/Src/main.c:340:5:main	1
../Core/Src/main.c:417:6:SystemClock_Config	3
../Core/Src/main.c:463:13:MX_ADC1_Init	3
../Core/Src/main.c:515:13:MX_TIM2_Init	6
../Core/Src/main.c:572:13:MX_TIM4_Init	6
../Core/Src/main.c:629:13:MX_GPIO_Init	1
../Core/Src/main.c:668:6:StartRecord	7
../Core/Src/main.c:726:6:StartPlayback	8
../Core/Src/main.c:805:6:StartTemperature	3
../Core/Src/main.c:825:6:Error_Handler	1
