../Drivers/CMSIS/Include/core_cm4.h:1684:22:__NVIC_EnableIRQ	16	static,ignoring_inline_asm
../Drivers/CMSIS/Include/core_cm4.h:1814:22:__NVIC_SetPriority	16	static
../Core/Src/main.c:151:13:RegisterPeripheralConfig	8	static,ignoring_inline_asm
../Core/Src/main.c:264:13:ADC_SelectChannel	24	static
../Core/Src/main.c:279:17:ADC_ReadRaw	16	static
../Core/Src/main.c:293:14:ReadTemperature	16	static
../Core/Src/main.c:306:13:TIM2_SetARR	16	static
../Core/Src/main.c:315:17:TemperatureToARR	24	static
../Core/Src/main.c:340:5:main	8	static
../Core/Src/main.c:417:6:SystemClock_Config	88	static
../Core/Src/main.c:463:13:MX_ADC1_Init	24	static
../Core/Src/main.c:515:13:MX_TIM2_Init	48	static
../Core/Src/main.c:572:13:MX_TIM4_Init	48	static
../Core/Src/main.c:629:13:MX_GPIO_Init	48	static
../Core/Src/main.c:668:6:StartRecord	32	static
../Core/Src/main.c:726:6:StartPlayback	48	static
../Core/Src/main.c:805:6:StartTemperature	16	static
../Core/Src/main.c:825:6:Error_Handler	4	static,ignoring_inline_asm
