../Core/Src/stm32f4xx_it.c:92:6:NMI_Handler	4	static
../Core/Src/stm32f4xx_it.c:107:6:HardFault_Handler	4	static
../Core/Src/stm32f4xx_it.c:122:6:MemManage_Handler	4	static
../Core/Src/stm32f4xx_it.c:137:6:BusFault_Handler	4	static
../Core/Src/stm32f4xx_it.c:152:6:UsageFault_Handler	4	static
../Core/Src/stm32f4xx_it.c:167:6:DebugMon_Handler	4	static
../Core/Src/stm32f4xx_it.c:180:6:SysTick_Handler	8	static
../Core/Src/stm32f4xx_it.c:209:6:EXTI0_IRQHandler	24	static
../Core/Src/stm32f4xx_it.c:257:6:TIM2_IRQHandler	4	static
../Core/Src/stm32f4xx_it.c:276:6:TIM4_IRQHandler	8	static
