../Core/Src/main.c:128:5:main	8	static
../Core/Src/main.c:224:6:SystemClock_Config	88	static
../Core/Src/main.c:277:13:MX_ADC1_Init	24	static
../Core/Src/main.c:329:13:MX_ADC3_Init	24	static
../Core/Src/main.c:381:13:MX_TIM2_Init	32	static
../Core/Src/main.c:426:13:MX_TIM3_Init	32	static
../Core/Src/main.c:471:13:MX_TIM4_Init	48	static
../Core/Src/main.c:518:13:MX_DMA_Init	16	static
../Core/Src/main.c:536:13:MX_GPIO_Init	48	static
../Core/Src/main.c:567:6:Lab_PeripheralsStart	4	static
../Core/Src/main.c:587:7:ReadTemperature	16	static
../Core/Src/main.c:599:10:TempToPlaybackARR	32	static
../Core/Src/main.c:612:6:Lab_OnButtonIRQ	8	static
../Core/Src/main.c:622:6:Lab_OnRecordDMA_IRQ	8	static
../Core/Src/main.c:633:6:Lab_OnPlaybackTIM3_IRQ	4	static
../Core/Src/main.c:660:6:StartDefaultTask	24	static
../Core/Src/main.c:684:6:StartTask01	16	static
../Core/Src/main.c:702:6:StartTask02	32	static
../Core/Src/main.c:768:6:HAL_TIM_PeriodElapsedCallback	16	static
../Core/Src/main.c:785:6:Error_Handler	4	static,ignoring_inline_asm
